// Jest Snapshot v1, https://goo.gl/fbAQLP

exports[`App snapshot renders 1`] = `
<main
  className="App"
>
  <header
    className="App-header"
  />
  <section
    className="App-content"
  >
    <div
      className="Wizard"
    >
      <div
        className="Wizard-header"
      >
        <div
          className="Stepper"
        >
          <div
            className="Step Step-active"
          >
            1
          </div>
          <div
            className="Step-bar Step-bar-active"
          />
          <div
            className="Step Step"
          >
            2
          </div>
          <div
            className="Step-bar Step-bar"
          />
          <div
            className="Step Step"
          >
            3
          </div>
        </div>
      </div>
      <div
        className="Wizard-content"
      >
        <div
          className="ProductInfo"
        >
          <div
            className="ProductInfo-content"
          >
            <div
              style={
                Object {
                  "boxSizing": "border-box",
                  "marginLeft": "auto",
                  "marginRight": "auto",
                  "paddingLeft": 15,
                  "paddingRight": 15,
                  "position": "relative",
                }
              }
            >
              <div
                style={
                  Object {
                    "alignItems": "normal",
                    "display": "flex",
                    "flexGrow": 0,
                    "flexShrink": 0,
                    "flexWrap": "wrap",
                    "justifyContent": "flex-start",
                    "marginLeft": -15,
                    "marginRight": -15,
                  }
                }
              >
                <div
                  style={
                    Object {
                      "boxSizing": "border-box",
                      "flexBasis": 0,
                      "flexGrow": 1,
                      "flexShrink": 0,
                      "left": "auto",
                      "marginLeft": "0%",
                      "maxWidth": "100%",
                      "minHeight": 1,
                      "paddingLeft": 15,
                      "paddingRight": 15,
                      "position": "relative",
                      "right": "auto",
                      "width": "100%",
                    }
                  }
                >
                  <h1
                    className="h1-sub"
                  >
                    Create your Password Manager
                  </h1>
                </div>
              </div>
              <div
                className="Features"
                style={
                  Object {
                    "alignItems": "normal",
                    "display": "flex",
                    "flexGrow": 0,
                    "flexShrink": 0,
                    "flexWrap": "wrap",
                    "justifyContent": "flex-start",
                    "marginLeft": -15,
                    "marginRight": -15,
                  }
                }
              >
                <div
                  className="Features-column"
                  style={
                    Object {
                      "boxSizing": "border-box",
                      "flexBasis": "50%",
                      "flexGrow": 0,
                      "flexShrink": 0,
                      "left": "auto",
                      "marginLeft": "0%",
                      "maxWidth": "50%",
                      "minHeight": 1,
                      "paddingLeft": 15,
                      "paddingRight": 15,
                      "position": "relative",
                      "right": "auto",
                      "width": "50%",
                    }
                  }
                >
                  <svg
                    height={150}
                  >
                    icon2.svg
                  </svg>
                  <p>
                    Save here all your passwords, data or any information, forget paper notes and unprotected applications
                  </p>
                </div>
                <div
                  className="Features-column"
                  style={
                    Object {
                      "boxSizing": "border-box",
                      "flexBasis": "50%",
                      "flexGrow": 0,
                      "flexShrink": 0,
                      "left": "auto",
                      "marginLeft": "0%",
                      "maxWidth": "50%",
                      "minHeight": 1,
                      "paddingLeft": 15,
                      "paddingRight": 15,
                      "position": "relative",
                      "right": "auto",
                      "width": "50%",
                    }
                  }
                >
                  <svg
                    height={150}
                  >
                    icon1.svg
                  </svg>
                  <p>
                    Create your master password, only you will have access to your secrets with it
                  </p>
                </div>
              </div>
              <div
                style={
                  Object {
                    "alignItems": "normal",
                    "display": "flex",
                    "flexGrow": 0,
                    "flexShrink": 0,
                    "flexWrap": "wrap",
                    "justifyContent": "flex-start",
                    "marginBottom": 20,
                    "marginLeft": -15,
                    "marginRight": -15,
                  }
                }
              >
                <div
                  style={
                    Object {
                      "boxSizing": "border-box",
                      "flexBasis": "100%",
                      "flexGrow": 0,
                      "flexShrink": 0,
                      "left": "auto",
                      "marginLeft": "0%",
                      "maxWidth": "100%",
                      "minHeight": 1,
                      "paddingLeft": 15,
                      "paddingRight": 15,
                      "position": "relative",
                      "right": "auto",
                      "width": "100%",
                    }
                  }
                >
                  <h3>
                    How it works?
                  </h3>
                </div>
                <div
                  style={
                    Object {
                      "boxSizing": "border-box",
                      "flexBasis": 0,
                      "flexGrow": 1,
                      "flexShrink": 0,
                      "left": "auto",
                      "marginLeft": "0%",
                      "maxWidth": "100%",
                      "minHeight": 1,
                      "paddingLeft": 15,
                      "paddingRight": 15,
                      "position": "relative",
                      "right": "auto",
                      "width": "100%",
                    }
                  }
                >
                  <p
                    style={
                      Object {
                        "marginTop": 10,
                      }
                    }
                  >
                    First, you must create a different password for your electronic belongings. You won't be able to recover your password, so remember it well.
                  </p>
                </div>
              </div>
              <div
                style={
                  Object {
                    "alignItems": "normal",
                    "display": "flex",
                    "flexGrow": 0,
                    "flexShrink": 0,
                    "flexWrap": "wrap",
                    "justifyContent": "flex-start",
                    "marginLeft": -15,
                    "marginRight": -15,
                  }
                }
              >
                <div
                  style={
                    Object {
                      "boxSizing": "border-box",
                      "flexBasis": "100%",
                      "flexGrow": 0,
                      "flexShrink": 0,
                      "left": "auto",
                      "marginLeft": "0%",
                      "maxWidth": "100%",
                      "minHeight": 1,
                      "paddingLeft": 15,
                      "paddingRight": 15,
                      "position": "relative",
                      "right": "auto",
                      "width": "100%",
                    }
                  }
                >
                  <h3>
                    What type of data can you save?
                  </h3>
                </div>
                <div
                  style={
                    Object {
                      "boxSizing": "border-box",
                      "flexBasis": 0,
                      "flexGrow": 1,
                      "flexShrink": 0,
                      "left": "auto",
                      "marginLeft": "0%",
                      "maxWidth": "100%",
                      "minHeight": 1,
                      "paddingLeft": 15,
                      "paddingRight": 15,
                      "position": "relative",
                      "right": "auto",
                      "width": "100%",
                    }
                  }
                >
                  <p
                    style={
                      Object {
                        "marginTop": 10,
                      }
                    }
                  >
                    For example, your card number, PIN and PUK of your mobile phone, the serial number of any of your devices or any information you need to keep in a safe place.
                  </p>
                </div>
              </div>
              <div
                style={
                  Object {
                    "alignItems": "normal",
                    "display": "flex",
                    "flexGrow": 0,
                    "flexShrink": 0,
                    "flexWrap": "wrap",
                    "justifyContent": "flex-start",
                    "marginLeft": -15,
                    "marginRight": -15,
                    "marginTop": 25,
                  }
                }
              >
                <div
                  style={
                    Object {
                      "boxSizing": "border-box",
                      "flexBasis": 0,
                      "flexGrow": 1,
                      "flexShrink": 0,
                      "left": "auto",
                      "marginLeft": "0%",
                      "maxWidth": "100%",
                      "minHeight": 1,
                      "paddingLeft": 15,
                      "paddingRight": 15,
                      "position": "relative",
                      "right": "auto",
                      "width": "100%",
                    }
                  }
                >
                  <div
                    className="Checkbox-container"
                  >
                    <input
                      checked={false}
                      className="Checkbox"
                      id="Checkbox"
                      onChange={[Function]}
                      type="checkbox"
                    />
                    <label
                      className="Checkbox-label"
                      htmlFor="Checkbox"
                    >
                      I'm of legal age and I accept that my data will be processed according to the Data Protection Policy.
                    </label>
                  </div>
                </div>
              </div>
              <span
                style={
                  Object {
                    "clear": "both",
                    "display": "table",
                  }
                }
              />
            </div>
          </div>
          <div
            className="ButtonContainer"
          >
            <div
              style={
                Object {
                  "boxSizing": "border-box",
                  "height": "100%",
                  "marginLeft": "auto",
                  "marginRight": "auto",
                  "paddingLeft": 15,
                  "paddingRight": 15,
                  "position": "relative",
                }
              }
            >
              <div
                style={
                  Object {
                    "alignItems": "center",
                    "display": "flex",
                    "flexGrow": 0,
                    "flexShrink": 0,
                    "flexWrap": "wrap",
                    "height": "100%",
                    "justifyContent": "space-between",
                    "marginLeft": -15,
                    "marginRight": -15,
                  }
                }
              >
                <div
                  className="ButtonContainer-submit"
                  style={
                    Object {
                      "boxSizing": "border-box",
                      "flexBasis": 0,
                      "flexGrow": 1,
                      "flexShrink": 0,
                      "left": "auto",
                      "marginLeft": "0%",
                      "maxWidth": "100%",
                      "minHeight": 1,
                      "paddingLeft": 15,
                      "paddingRight": 15,
                      "position": "relative",
                      "right": "auto",
                      "width": "100%",
                    }
                  }
                >
                  <button
                    className="Button-filled color-secondary"
                    disabled={true}
                    onClick={[Function]}
                  >
                    Next
                    <div
                      className="Button-endAddornment"
                    >
                      <svg
                        fill="#fff"
                        height="24"
                        width="24"
                      >
                        arrow_right.svg
                      </svg>
                    </div>
                  </button>
                </div>
              </div>
              <span
                style={
                  Object {
                    "clear": "both",
                    "display": "table",
                  }
                }
              />
            </div>
          </div>
        </div>
      </div>
    </div>
  </section>
</main>
`;
